[0m[1;34m# Ensure build layout[0m
[0m[1;34m# Check configuration tokens[0m
[0m[1;34m# Preparing build[0m
[0m[1;34m# Check requirements for android[0m
[0m[1;30m# Search for Git (git)[0m
[0m[1;30m#  -> found at /data/data/com.termux/files/usr/bin/git[0m
[0m[1;30m# Search for Cython (cython)[0m
[0m[1;30m#  -> found at /data/data/com.termux/files/home/.local/bin/cython[0m
[0m[1;30m# Search for Java compiler (javac)[0m
[0m[1;30m#  -> found at /data/data/com.termux/files/usr/bin/javac[0m
[0m[1;30m# Search for Java keytool (keytool)[0m
[0m[1;30m#  -> found at /data/data/com.termux/files/usr/bin/keytool[0m
[0m[1;34m# Install platform[0m
[0m[1;30m# Run 'git config --get remote.origin.url' ...[0m
[0m[1;30m# Cwd /data/data/com.termux/files/home/jujita-stairs-ip-declaration/.buildozer/android/platform/python-for-android[0m
https://github.com/kivy/python-for-android.git
[0m[1;30m# Run 'git branch -vv' ...[0m
[0m[1;30m# Cwd /data/data/com.termux/files/home/jujita-stairs-ip-declaration/.buildozer/android/platform/python-for-android[0m
* master 58d21141 [origin/master] Merge pull request #3321 from kivy/release-2026.05.09
  error: subprocess-exited-with-error
  
  × installing backend dependencies for ninja did not run successfully.
  │ exit code: 1
  ╰─> [91 lines of output]
      Collecting hatch-fancy-pypi-readme>=23.2
        Using cached hatch_fancy_pypi_readme-25.1.0-py3-none-any.whl.metadata (2.0 kB)
      Collecting cmake>=3.15
        Using cached cmake-4.4.4.tar.gz (13.3 MB)
        Installing build dependencies: started
        Installing build dependencies: finished with status 'done'
        Getting requirements to build wheel: started
        Getting requirements to build wheel: finished with status 'done'
        Preparing metadata (pyproject.toml): started
        Preparing metadata (pyproject.toml): finished with status 'done'
      Collecting setuptools-scm
        Using cached setuptools_scm-10.3.4-py3-none-any.whl.metadata (6.7 kB)
      Collecting hatchling (from hatch-fancy-pypi-readme>=23.2)
        Using cached hatchling-1.32.4-py3-none-any.whl.metadata (3.9 kB)
      Collecting vcs-versioning<3,>=2.5.0.dev0 (from setuptools-scm)
        Using cached vcs_versioning-2.5.0-py3-none-any.whl.metadata (1.7 kB)
      Collecting packaging>=20 (from setuptools-scm)
        Using cached packaging-26.3-py3-none-any.whl.metadata (3.5 kB)
      Collecting setuptools (from setuptools-scm)
        Using cached setuptools-84.0.0-py3-none-any.whl.metadata (6.6 kB)
      Collecting pathspec>=0.10.1 (from hatchling->hatch-fancy-pypi-readme>=23.2)
        Using cached pathspec-1.1.1-py3-none-any.whl.metadata (14 kB)
      Collecting pluggy>=1.0.0 (from hatchling->hatch-fancy-pypi-readme>=23.2)
        Using cached pluggy-1.6.0-py3-none-any.whl.metadata (4.8 kB)
      Collecting tomlkit>=0.11.1 (from hatchling->hatch-fancy-pypi-readme>=23.2)
        Using cached tomlkit-0.15.1-py3-none-any.whl.metadata (3.3 kB)
      Collecting trove-classifiers (from hatchling->hatch-fancy-pypi-readme>=23.2)
        Using cached trove_classifiers-2026.9.21.13-py3-none-any.whl.metadata (2.4 kB)
      Using cached hatch_fancy_pypi_readme-25.1.0-py3-none-any.whl (10 kB)
      Using cached setuptools_scm-10.3.4-py3-none-any.whl (33 kB)
      Using cached vcs_versioning-2.5.0-py3-none-any.whl (122 kB)
      Using cached packaging-26.3-py3-none-any.whl (129 kB)
      Using cached hatchling-1.32.4-py3-none-any.whl (78 kB)
      Using cached pathspec-1.1.1-py3-none-any.whl (57 kB)
      Using cached pluggy-1.6.0-py3-none-any.whl (20 kB)
      Using cached tomlkit-0.15.1-py3-none-any.whl (49 kB)
      Using cached setuptools-84.0.0-py3-none-any.whl (818 kB)
      Using cached trove_classifiers-2026.9.21.13-py3-none-any.whl (14 kB)
      Building wheels for collected packages: cmake
        Building wheel for cmake (pyproject.toml): started
        Building wheel for cmake (pyproject.toml): still running...
        Building wheel for cmake (pyproject.toml): still running...
        Building wheel for cmake (pyproject.toml): finished with status 'error'
        error: subprocess-exited-with-error
      
        × Building wheel for cmake (pyproject.toml) did not run successfully.
        │ exit code: 1
        ╰─> [34 lines of output]
            ---------------------------------------------
            CMake 4.4.4, Copyright 2000-2026 Kitware, Inc. and Contributors
            ---------------------------------------------
            Error when bootstrapping CMake:
            Cannot find appropriate C compiler on this system.
            Please specify one using environment variable CC.
            See cmake_bootstrap.log for compilers attempted.
      
            ---------------------------------------------
            Log of errors: /usr/tmp/tmpqxjt2d44/cmake-4.4.4/Bootstrap.cmk/cmake_bootstrap.log
            ---------------------------------------------
            Traceback (most recent call last):
              File "/data/data/com.termux/files/usr/lib/python3.14/site-packages/pip/_vendor/pyproject_hooks/_in_process/_in_process.py", line 389, in <module>
                main()
                ~~~~^^
              File "/data/data/com.termux/files/usr/lib/python3.14/site-packages/pip/_vendor/pyproject_hooks/_in_process/_in_process.py", line 373, in main
                json_out["return_val"] = hook(**hook_input["kwargs"])
                                         ~~~~^^^^^^^^^^^^^^^^^^^^^^^^
              File "/data/data/com.termux/files/usr/lib/python3.14/site-packages/pip/_vendor/pyproject_hooks/_in_process/_in_process.py", line 280, in build_wheel
                return _build_backend().build_wheel(
                       ~~~~~~~~~~~~~~~~~~~~~~~~~~~~^
                    wheel_directory, config_settings, metadata_directory
                    ^^^^^^^^^^^^^^^^^^^^^^^^^^^^^^^^^^^^^^^^^^^^^^^^^^^^
                )
                ^
              File "/data/data/com.termux/files/usr/tmp/pip-install-sj1abinh/cmake_af1b6e7cb15245b18f03dac08f4f6e98/_build_backend/backend.py", line 193, in build_wheel
                cmake_path = _bootstrap_build(temp_path, config_settings)
              File "/data/data/com.termux/files/usr/tmp/pip-install-sj1abinh/cmake_af1b6e7cb15245b18f03dac08f4f6e98/_build_backend/backend.py", line 164, in _bootstrap_build
                subprocess.run([bootstrap_path, *bootstrap_args], env=env, check=True)
                ~~~~~~~~~~~~~~^^^^^^^^^^^^^^^^^^^^^^^^^^^^^^^^^^^^^^^^^^^^^^^^^^^^^^^^
              File "/data/data/com.termux/files/usr/lib/python3.14/subprocess.py", line 578, in run
                raise CalledProcessError(retcode, process.args,
                                         output=stdout, stderr=stderr)
            subprocess.CalledProcessError: Command '[PosixPath('/data/data/com.termux/files/usr/tmp/tmpqxjt2d44/cmake-4.4.4/bootstrap'), '--prefix=/data/data/com.termux/files/usr/tmp/tmpqxjt2d44/cmake-install', '--no-qt-gui', '--no-debugger', '--parallel=1', '--', '-DBUILD_TESTING=OFF', '-DBUILD_CursesDialog:BOOL=OFF']' returned non-zero exit status 6.
            [end of output]
      
        note: This error originates from a subprocess, and is likely not a problem with pip.
        ERROR: Failed building wheel for cmake
      Failed to build cmake
      error: failed-wheel-build-for-install
      
      × Failed to build installable wheels for some pyproject.toml based projects
      ╰─> cmake
      [end of output]
  
  note: This error originates from a subprocess, and is likely not a problem with pip.
ERROR: Failed to build 'ninja' when installing backend dependencies for ninja
[0m[1;30m# Run '/data/data/com.termux/files/usr/bin/python3.14 -m pip install -q --user appdirs colorama>=0.3.3 jinja2 sh>=2, <3.0; sys_platform!="win32" meson ninja build toml packaging setuptools wheel~=0.43.0' ...[0m
[0m[1;30m# Cwd None[0m
[0m[1;31m# Command failed: ('/data/data/com.termux/files/usr/bin/python3.14', '-m', 'pip', 'install', '-q', '--user', 'appdirs', 'colorama>=0.3.3', 'jinja2', 'sh>=2, <3.0; sys_platform!="win32"', 'meson', 'ninja', 'build', 'toml', 'packaging', 'setuptools', 'wheel~=0.43.0')[0m
[0m[1;31m# Error code: 1[0m
[0m[1;31m# ENVIRONMENT:[0m
[0m[1;31m#     TERMUX_APP__SE_INFO = 'default:targetSdkVersion=28:complete'[0m
[0m[1;31m#     DEX2OATBOOTCLASSPATH = '/apex/com.android.art/javalib/core-oj.jar:/apex/com.android.art/javalib/core-libart.jar:/apex/com.android.art/javalib/okhttp.jar:/apex/com.android.art/javalib/bouncycastle.jar:/apex/com.android.art/javalib/apache-xml.jar:/system/framework/framework.jar:/system/framework/framework-graphics.jar:/system/framework/framework-location.jar:/system/framework/ext.jar:/system/framework/telephony-common.jar:/system/framework/voip-common.jar:/system/framework/ims-common.jar:/system/framework/knoxsdk.jar:/system/framework/framework-platformcrashrecovery.jar:/system/framework/framework-ondeviceintelligence-platform.jar:/system/framework/framework-nfc.jar:/system_ext/framework/mediatek-common.jar:/system_ext/framework/mediatek-framework.jar:/system_ext/framework/mediatek-ims-base.jar:/apex/com.android.i18n/javalib/core-icu4j.jar'[0m
[0m[1;31m#     TERMUX_APP__LEGACY_DATA_DIR = '/data/data/com.termux'[0m
[0m[1;31m#     TERMUX__USER_ID = '0'[0m
[0m[1;31m#     SHELL_CMD__APP_TERMINAL_SESSION_NUMBER_SINCE_BOOT = '1'[0m
[0m[1;31m#     EXTERNAL_STORAGE = '/sdcard'[0m
[0m[1;31m#     TERMUX_APP__APP_VERSION_NAME = '0.119.0-beta.3'[0m
[0m[1;31m#     SHELL_CMD__SHELL_ID = '1'[0m
[0m[1;31m#     SHLVL = '1'[0m
[0m[1;31m#     TERMUX__ROOTFS_DIR = '/data/data/com.termux/files'[0m
[0m[1;31m#     HOME = '/home'[0m
[0m[1;31m#     OLDPWD = '/data/data/com.termux/files/home/jujita-stairs-ip-declaration'[0m
[0m[1;31m#     TERMUX_APP__SE_FILE_CONTEXT = 'u:object_r:app_data_file:s0:c97,c257,c512,c768'[0m
[0m[1;31m#     TERMUX_APP__APK_RELEASE = 'F_DROID'[0m
[0m[1;31m#     ANDROID_ASSETS = '/system/app'[0m
[0m[1;31m#     BOOTCLASSPATH = '/apex/com.android.art/javalib/core-oj.jar:/apex/com.android.art/javalib/core-libart.jar:/apex/com.android.art/javalib/okhttp.jar:/apex/com.android.art/javalib/bouncycastle.jar:/apex/com.android.art/javalib/apache-xml.jar:/system/framework/framework.jar:/system/framework/framework-graphics.jar:/system/framework/framework-location.jar:/system/framework/ext.jar:/system/framework/telephony-common.jar:/system/framework/voip-common.jar:/system/framework/ims-common.jar:/system/framework/knoxsdk.jar:/system/framework/framework-platformcrashrecovery.jar:/system/framework/framework-ondeviceintelligence-platform.jar:/system/framework/framework-nfc.jar:/system_ext/framework/mediatek-common.jar:/system_ext/framework/mediatek-framework.jar:/system_ext/framework/mediatek-ims-base.jar:/apex/com.android.i18n/javalib/core-icu4j.jar:/apex/com.android.adservices/javalib/framework-adservices.jar:/apex/com.android.adservices/javalib/framework-sdksandbox.jar:/apex/com.android.appsearch/javalib/framework-appsearch.jar:/apex/com.android.bt/javalib/framework-bluetooth.jar:/apex/com.android.configinfrastructure/javalib/framework-configinfrastructure.jar:/apex/com.android.conscrypt/javalib/conscrypt.jar:/apex/com.android.devicelock/javalib/framework-devicelock.jar:/apex/com.android.healthfitness/javalib/framework-healthfitness.jar:/apex/com.android.ipsec/javalib/android.net.ipsec.ike.jar:/apex/com.android.media/javalib/updatable-media.jar:/apex/com.android.mediaprovider/javalib/framework-mediaprovider.jar:/apex/com.android.mediaprovider/javalib/framework-pdf.jar:/apex/com.android.mediaprovider/javalib/framework-pdf-v.jar:/apex/com.android.mediaprovider/javalib/framework-photopicker.jar:/apex/com.android.ondevicepersonalization/javalib/framework-ondevicepersonalization.jar:/apex/com.android.os.statsd/javalib/framework-statsd.jar:/apex/com.android.permission/javalib/framework-permission.jar:/apex/com.android.permission/javalib/framework-permission-s.jar:/apex/com.android.profiling/javalib/framework-profiling.jar:/apex/com.android.scheduling/javalib/framework-scheduling.jar:/apex/com.android.sdkext/javalib/framework-sdkextensions.jar:/apex/com.android.telephonycore/javalib/framework-telephony.jar:/apex/com.android.tethering/javalib/framework-connectivity.jar:/apex/com.android.tethering/javalib/framework-connectivity-b.jar:/apex/com.android.tethering/javalib/framework-connectivity-t.jar:/apex/com.android.tethering/javalib/framework-tethering.jar:/apex/com.android.uwb/javalib/framework-ranging.jar:/apex/com.android.uwb/javalib/framework-uwb.jar:/apex/com.android.virt/javalib/framework-virtualization.jar:/apex/com.android.wifi/javalib/framework-wifi.jar:/apex/com.samsung.android.lifeguard/javalib/framework-lifeguard.jar:/apex/com.samsung.android.shell/javalib/framework-samsung-shell.jar'[0m
[0m[1;31m#     COLORTERM = 'truecolor'[0m
[0m[1;31m#     TERMUX_APP__IS_INSTALLED_ON_EXTERNAL_STORAGE = 'false'[0m
[0m[1;31m#     TMUX_TMPDIR = '/data/data/com.termux/files/usr/var/run'[0m
[0m[1;31m#     TMPDIR = '/data/data/com.termux/files/usr/tmp'[0m
[0m[1;31m#     TERMUX_APP__DATA_DIR = '/data/user/0/com.termux'[0m
[0m[1;31m#     TERMUX__HOME = '/data/data/com.termux/files/home'[0m
[0m[1;31m#     TERMUX_APP__IS_DEBUGGABLE_BUILD = 'false'[0m
[0m[1;31m#     _ = '/data/data/com.termux/files/usr/bin/termux-chroot'[0m
[0m[1;31m#     SHELL_CMD__RUNNER_NAME = 'terminal-session'[0m
[0m[1;31m#     TERMUX_APP__PACKAGE_NAME = 'com.termux'[0m
[0m[1;31m#     TERMUX_VERSION = '0.119.0-beta.3'[0m
[0m[1;31m#     TERMUX_APP__APK_FILE = '/data/app/~~vdNufJUncHJABWFJYeIAZA==/com.termux-AXXhdMWNA8tHrfGOnU052g==/base.apk'[0m
[0m[1;31m#     TERM = 'xterm-256color'[0m
[0m[1;31m#     ANDROID_DATA = '/data'[0m
[0m[1;31m#     HISTCONTROL = 'ignoreboth'[0m
[0m[1;31m#     PATH = '/home/.buildozer/android/platform/apache-ant-1.9.4/bin:/data/data/com.termux/files/home/.local/bin:/data/data/com.termux/files/usr/bin:/data/data/com.termux/files/usr/bin:/data/data/com.termux/files/usr/bin:/data/data/com.termux/files/home/android-sdk/cmdline-tools/latest/bin:/data/data/com.termux/files/home/android-sdk/platform-tools'[0m
[0m[1;31m#     SHELL_CMD__APP_TERMINAL_SESSION_NUMBER_SINCE_APP_START = '1'[0m
[0m[1;31m#     TERMUX__SE_PROCESS_CONTEXT = 'u:r:untrusted_app_27:s0:c97,c257,c512,c768'[0m
[0m[1;31m#     ANDROID_I18N_ROOT = '/apex/com.android.i18n'[0m
[0m[1;31m#     ANDROID_ROOT = '/system'[0m
[0m[1;31m#     TERMUX__UID = '10353'[0m
[0m[1;31m#     LANG = 'en_US.UTF-8'[0m
[0m[1;31m#     LD_PRELOAD = '/data/data/com.termux/files/usr/lib/libtermux-exec-ld-preload.so'[0m
[0m[1;31m#     TERMUX__PREFIX = '/data/data/com.termux/files/usr'[0m
[0m[1;31m#     TERMUX_APP__PID = '20231'[0m
[0m[1;31m#     PREFIX = '/data/data/com.termux/files/usr'[0m
[0m[1;31m#     SHELL = '/data/data/com.termux/files/usr/bin/bash'[0m
[0m[1;31m#     ANDROID_TZDATA_ROOT = '/apex/com.android.tzdata'[0m
[0m[1;31m#     TERMUX__APPS_DIR = '/data/user/0/com.termux/termux/apps'[0m
[0m[1;31m#     ASEC_MOUNTPOINT = '/mnt/asec'[0m
[0m[1;31m#     JAVA_HOME = '/data/data/com.termux/files/usr'[0m
[0m[1;31m#     PWD = '/data/data/com.termux/files/home/jujita-stairs-ip-declaration'[0m
[0m[1;31m#     SYSTEMSERVERCLASSPATH = '/system/framework/com.android.location.provider.jar:/system/framework/knoxanalyticssdk.jar:/system/framework/mcfsdk.jar:/system/framework/uibc_java.jar:/system/framework/services.jar:/system/framework/semwifi-service.jar:/system/framework/ssrm.jar:/apex/com.android.adservices/javalib/service-adservices.jar:/apex/com.android.adservices/javalib/service-sdksandbox.jar:/apex/com.android.appsearch/javalib/service-appsearch.jar:/apex/com.android.art/javalib/service-art.jar:/apex/com.android.compos/javalib/service-compos.jar:/apex/com.android.configinfrastructure/javalib/service-configinfrastructure.jar:/apex/com.android.healthfitness/javalib/service-healthfitness.jar:/apex/com.android.media/javalib/service-media-s.jar:/apex/com.android.ondevicepersonalization/javalib/service-ondevicepersonalization.jar:/apex/com.android.permission/javalib/service-permission.jar:/apex/com.android.rkpd/javalib/service-rkp.jar:/apex/com.android.virt/javalib/service-virtualization.jar:/apex/com.samsung.android.shell/javalib/service-samsung-shell.jar'[0m
[0m[1;31m#     ANDROID_HOME = '/data/data/com.termux/files/home/android-sdk'[0m
[0m[1;31m#     TERMUX_APP__TARGET_SDK = '28'[0m
[0m[1;31m#     ANDROID__BUILD_VERSION_SDK = '36'[0m
[0m[1;31m#     SHELL_CMD__PACKAGE_NAME = 'com.termux'[0m
[0m[1;31m#     ANDROID_STORAGE = '/storage'[0m
[0m[1;31m#     ANDROID_ART_ROOT = '/apex/com.android.art'[0m
[0m[1;31m#     TERMUX_APP__APP_VERSION_CODE = '1022'[0m
[0m[1;31m# [0m
[0m[1;31m# Buildozer failed to execute the last command[0m
[0m[1;31m# The error might be hidden in the log above this error[0m
[0m[1;31m# Please read the full log, and search for it before[0m
[0m[1;31m# raising an issue with buildozer itself.[0m
[0m[1;31m# In case of a bug report, please add a full log with log_level = 2[0m
